06-30 13:21:08.509 12231 12794 D WhisperBridge: Kotlin transcribe start t=1782822068509 samples=16000
06-30 13:21:08.509 12231 12794 D WhisperBridge: transcribe called start t=1782822068509
06-30 13:21:08.509 12231 12794 D WhisperBridge: transcribe called
06-30 13:21:08.509 12231 12794 D WhisperBridge: PCM length: 16000
06-30 13:21:08.510 12231 12794 D WhisperBridge: Starting whisper_full
06-30 13:21:08.523 12231 12231 D WhisperTest: Result: [BLANK_AUDIO]
06-30 13:21:09.573 12969 12969 W AccessibilityNodeInfoDumper: Fetch time: 15ms
06-30 13:21:09.575  2007  3971 W WindowManager: removeWindowToken: Attempted to remove non-existing token: android.os.Binder@2713053
06-30 13:21:09.577  2007  2007 V SettingsProvider: Notifying for 0: content://settings/secure/accessibility_enabled
06-30 13:21:09.587  8919  8919 D MCLOG   : [MC_Service] onStartcommand()
06-30 13:21:09.606  8919  9061 D Checkin : publish the event [tag = MOT_DEVICE_STATS_L1 event name = SettingLogs]
06-30 13:21:09.651 12969 12969 D AndroidRuntime: Shutting down VM
06-30 13:21:10.109 13001 13001 D AndroidRuntime: >>>>>> START com.android.internal.os.RuntimeInit uid 2000 <<<<<<
06-30 13:21:10.111 13001 13001 W app_process: type=1400 audit(0.0:5050): avc: denied { read } for uid=2000 name="u:object_r:device_config_runtime_native_boot_prop:s0" dev="tmpfs" ino=14959 scontext=u:r:shell:s0 tcontext=u:object_r:device_config_runtime_native_boot_prop:s0 tclass=file permissive=0
06-30 13:21:10.111 13001 13001 W app_process: type=1400 audit(0.0:5051): avc: denied { read } for uid=2000 name="u:object_r:device_config_runtime_native_boot_prop:s0" dev="tmpfs" ino=14959 scontext=u:r:shell:s0 tcontext=u:object_r:device_config_runtime_native_boot_prop:s0 tclass=file permissive=0
06-30 13:21:10.115 13001 13001 W app_process: type=1400 audit(0.0:5052): avc: denied { read } for uid=2000 name="u:object_r:device_config_runtime_native_boot_prop:s0" dev="tmpfs" ino=14959 scontext=u:r:shell:s0 tcontext=u:object_r:device_config_runtime_native_boot_prop:s0 tclass=file permissive=0
06-30 13:21:10.115 13001 13001 E libc    : Access denied finding property "persist.device_config.runtime_native_boot.enable_apex_image"
06-30 13:21:10.115 13001 13001 I AndroidRuntime: Using default boot image
06-30 13:21:10.115 13001 13001 E libc    : Access denied finding property "persist.device_config.runtime_native_boot.disable_lock_profiling"
06-30 13:21:10.115 13001 13001 I AndroidRuntime: Leaving lock profiling enabled
06-30 13:21:10.116 13001 13001 E libc    : Access denied finding property "persist.device_config.runtime_native_boot.enable_generational_cc"
06-30 13:21:10.253 13001 13001 D ICU     : Time zone APEX file found: /apex/com.android.tzdata/etc/icu/icu_tzdata.dat
06-30 13:21:10.274 13001 13001 I app_process: The ClassLoaderContext is a special shared library.
06-30 13:21:10.276 13001 13001 I app_process: The ClassLoaderContext is a special shared library.
06-30 13:21:10.306 13001 13001 W app_process: JNI RegisterNativeMethods: attempt to register 0 native methods for android.media.AudioAttributes
06-30 13:21:10.316 13001 13001 D AndroidRuntime: Calling main entry com.android.commands.uiautomator.Launcher
06-30 13:21:10.333  2007  2007 V SettingsProvider: Notifying for 0: content://settings/secure/accessibility_enabled
06-30 13:21:10.345  8919  8919 D MCLOG   : [MC_Service] onStartcommand()
06-30 13:21:10.365  8919  9061 D Checkin : publish the event [tag = MOT_DEVICE_STATS_L1 event name = SettingLogs]
06-30 13:21:11.088     0     0 W swapper/2: type=1400 audit(0.0:5053): avc: denied { kill } for uid=0 capability=5 scontext=u:r:kernel:s0 tcontext=u:r:kernel:s0 tclass=capability permissive=0
06-30 13:21:11.390 13001 13001 W AccessibilityNodeInfoDumper: Fetch time: 17ms
06-30 13:21:11.392  2007 28581 W WindowManager: removeWindowToken: Attempted to remove non-existing token: android.os.Binder@fbd3d9a
06-30 13:21:11.396  2007  2007 V SettingsProvider: Notifying for 0: content://settings/secure/accessibility_enabled
06-30 13:21:11.405  8919  8919 D MCLOG   : [MC_Service] onStartcommand()
06-30 13:21:11.429  8919  9061 D Checkin : publish the event [tag = MOT_DEVICE_STATS_L1 event name = SettingLogs]
06-30 13:21:11.466 13001 13001 D AndroidRuntime: Shutting down VM
06-30 13:21:11.685  2007 28581 D WificondControl: Scan result ready event
06-30 13:21:11.948 13021 13021 D AndroidRuntime: >>>>>> START com.android.internal.os.RuntimeInit uid 2000 <<<<<<
06-30 13:21:11.951 13021 13021 W app_process: type=1400 audit(0.0:5054): avc: denied { read } for uid=2000 name="u:object_r:device_config_runtime_native_boot_prop:s0" dev="tmpfs" ino=14959 scontext=u:r:shell:s0 tcontext=u:object_r:device_config_runtime_native_boot_prop:s0 tclass=file permissive=0
06-30 13:21:11.951 13021 13021 W app_process: type=1400 audit(0.0:5055): avc: denied { read } for uid=2000 name="u:object_r:device_config_runtime_native_boot_prop:s0" dev="tmpfs" ino=14959 scontext=u:r:shell:s0 tcontext=u:object_r:device_config_runtime_native_boot_prop:s0 tclass=file permissive=0
06-30 13:21:11.951 13021 13021 W app_process: type=1400 audit(0.0:5056): avc: denied { read } for uid=2000 name="u:object_r:device_config_runtime_native_boot_prop:s0" dev="tmpfs" ino=14959 scontext=u:r:shell:s0 tcontext=u:object_r:device_config_runtime_native_boot_prop:s0 tclass=file permissive=0
06-30 13:21:11.953 13021 13021 E libc    : Access denied finding property "persist.device_config.runtime_native_boot.enable_apex_image"
06-30 13:21:11.954 13021 13021 I AndroidRuntime: Using default boot image
06-30 13:21:11.954 13021 13021 E libc    : Access denied finding property "persist.device_config.runtime_native_boot.disable_lock_profiling"
06-30 13:21:11.954 13021 13021 I AndroidRuntime: Leaving lock profiling enabled
06-30 13:21:11.954 13021 13021 E libc    : Access denied finding property "persist.device_config.runtime_native_boot.enable_generational_cc"
06-30 13:21:12.079 13021 13021 D ICU     : Time zone APEX file found: /apex/com.android.tzdata/etc/icu/icu_tzdata.dat
06-30 13:21:12.098 13021 13021 I app_process: The ClassLoaderContext is a special shared library.
06-30 13:21:12.103 13021 13021 I app_process: The ClassLoaderContext is a special shared library.
06-30 13:21:12.131 13021 13021 W app_process: JNI RegisterNativeMethods: attempt to register 0 native methods for android.media.AudioAttributes
06-30 13:21:12.141 13021 13021 D AndroidRuntime: Calling main entry com.android.commands.uiautomator.Launcher
06-30 13:21:12.154  2007  2007 V SettingsProvider: Notifying for 0: content://settings/secure/accessibility_enabled
06-30 13:21:12.160  8919  8919 D MCLOG   : [MC_Service] onStartcommand()
06-30 13:21:12.178  8919  9061 D Checkin : publish the event [tag = MOT_DEVICE_STATS_L1 event name = SettingLogs]
06-30 13:21:12.755 12231 12794 D WhisperBridge: whisper_full returned 0
06-30 13:21:12.755 12231 12794 D WhisperBridge: Number of segments: 1
06-30 13:21:12.755 12231 12794 D WhisperBridge: transcribe finished end t=1782822072755 dur=4246
06-30 13:21:12.755 12231 12794 D WhisperBridge: Result text:  Really know what...
06-30 13:21:12.756 12231 12794 D WhisperBridge: Kotlin transcribe end t=1782822072755 resultLen=20
06-30 13:21:12.756 12231 12794 D SpeechToText: transcribe returned len=20 tStart=1782822068509 tEnd=1782822072756 dur=4247
06-30 13:21:12.757 12231 12794 D AudioCapture: read=16000 samples tStart=1782822072756 tEnd=1782822072756 dur=0
06-30 13:21:12.757 12231 12794 D SpeechToText: capture callback frameSamples=16000 tCapture=1782822072757
06-30 13:21:12.757 12231 12794 D WhisperBridge: Kotlin transcribe start t=1782822072757 samples=16000
06-30 13:21:12.757 12231 12794 D WhisperBridge: transcribe called start t=1782822072757
06-30 13:21:12.757 12231 12794 D WhisperBridge: transcribe called
06-30 13:21:12.757 12231 12794 D WhisperBridge: PCM length: 16000
06-30 13:21:12.758 12231 12794 D WhisperBridge: Starting whisper_full
06-30 13:21:12.774 12231 12231 D WhisperTest: Result: Really know what...
06-30 13:21:13.783  1139 12792 W AudioFlinger: RecordThread: buffer overflow
06-30 13:21:13.822 13021 13021 W AccessibilityNodeInfoDumper: Fetch time: 12ms
06-30 13:21:13.823  2007 28581 W WindowManager: removeWindowToken: Attempted to remove non-existing token: android.os.Binder@35102ec
06-30 13:21:13.826  2007  2007 V SettingsProvider: Notifying for 0: content://settings/secure/accessibility_enabled
06-30 13:21:13.837  8919  8919 D MCLOG   : [MC_Service] onStartcommand()
06-30 13:21:13.868  8919  9061 D Checkin : publish the event [tag = MOT_DEVICE_STATS_L1 event name = SettingLogs]
06-30 13:21:13.898 13021 13021 D AndroidRuntime: Shutting down VM
06-30 13:21:14.362 13073 13073 D AndroidRuntime: >>>>>> START com.android.internal.os.RuntimeInit uid 2000 <<<<<<
06-30 13:21:14.365 13073 13073 W app_process: type=1400 audit(0.0:5057): avc: denied { read } for uid=2000 name="u:object_r:device_config_runtime_native_boot_prop:s0" dev="tmpfs" ino=14959 scontext=u:r:shell:s0 tcontext=u:object_r:device_config_runtime_native_boot_prop:s0 tclass=file permissive=0
06-30 13:21:14.365 13073 13073 W app_process: type=1400 audit(0.0:5058): avc: denied { read } for uid=2000 name="u:object_r:device_config_runtime_native_boot_prop:s0" dev="tmpfs" ino=14959 scontext=u:r:shell:s0 tcontext=u:object_r:device_config_runtime_native_boot_prop:s0 tclass=file permissive=0
06-30 13:21:14.368 13073 13073 W app_process: type=1400 audit(0.0:5059): avc: denied { read } for uid=2000 name="u:object_r:device_config_runtime_native_boot_prop:s0" dev="tmpfs" ino=14959 scontext=u:r:shell:s0 tcontext=u:object_r:device_config_runtime_native_boot_prop:s0 tclass=file permissive=0
06-30 13:21:14.368 13073 13073 E libc    : Access denied finding property "persist.device_config.runtime_native_boot.enable_apex_image"
06-30 13:21:14.368 13073 13073 I AndroidRuntime: Using default boot image
06-30 13:21:14.368 13073 13073 E libc    : Access denied finding property "persist.device_config.runtime_native_boot.disable_lock_profiling"
06-30 13:21:14.368 13073 13073 I AndroidRuntime: Leaving lock profiling enabled
06-30 13:21:14.369 13073 13073 E libc    : Access denied finding property "persist.device_config.runtime_native_boot.enable_generational_cc"
06-30 13:21:14.500 13073 13073 D ICU     : Time zone APEX file found: /apex/com.android.tzdata/etc/icu/icu_tzdata.dat
06-30 13:21:14.522 13073 13073 I app_process: The ClassLoaderContext is a special shared library.
06-30 13:21:14.524 13073 13073 I app_process: The ClassLoaderContext is a special shared library.
06-30 13:21:14.553 13073 13073 W app_process: JNI RegisterNativeMethods: attempt to register 0 native methods for android.media.AudioAttributes
06-30 13:21:14.562 13073 13073 D AndroidRuntime: Calling main entry com.android.commands.uiautomator.Launcher
06-30 13:21:14.580  2007  2007 V SettingsProvider: Notifying for 0: content://settings/secure/accessibility_enabled
06-30 13:21:14.590  8919  8919 D MCLOG   : [MC_Service] onStartcommand()
06-30 13:21:14.609  8919  9061 D Checkin : publish the event [tag = MOT_DEVICE_STATS_L1 event name = SettingLogs]
06-30 13:21:15.634 13073 13073 W AccessibilityNodeInfoDumper: Fetch time: 16ms
06-30 13:21:15.635  2007  2058 W WindowManager: removeWindowToken: Attempted to remove non-existing token: android.os.Binder@ad84d69
06-30 13:21:15.638  2007  2007 V SettingsProvider: Notifying for 0: content://settings/secure/accessibility_enabled
06-30 13:21:15.649  8919  8919 D MCLOG   : [MC_Service] onStartcommand()
06-30 13:21:15.672  8919  9061 D Checkin : publish the event [tag = MOT_DEVICE_STATS_L1 event name = SettingLogs]
06-30 13:21:15.712 13073 13073 D AndroidRuntime: Shutting down VM
06-30 13:21:16.190 13089 13089 D AndroidRuntime: >>>>>> START com.android.internal.os.RuntimeInit uid 2000 <<<<<<
06-30 13:21:16.191 13089 13089 W app_process: type=1400 audit(0.0:5060): avc: denied { read } for uid=2000 name="u:object_r:device_config_runtime_native_boot_prop:s0" dev="tmpfs" ino=14959 scontext=u:r:shell:s0 tcontext=u:object_r:device_config_runtime_native_boot_prop:s0 tclass=file permissive=0
06-30 13:21:16.195 13089 13089 W app_process: type=1400 audit(0.0:5061): avc: denied { read } for uid=2000 name="u:object_r:device_config_runtime_native_boot_prop:s0" dev="tmpfs" ino=14959 scontext=u:r:shell:s0 tcontext=u:object_r:device_config_runtime_native_boot_prop:s0 tclass=file permissive=0
06-30 13:21:16.195 13089 13089 W app_process: type=1400 audit(0.0:5062): avc: denied { read } for uid=2000 name="u:object_r:device_config_runtime_native_boot_prop:s0" dev="tmpfs" ino=14959 scontext=u:r:shell:s0 tcontext=u:object_r:device_config_runtime_native_boot_prop:s0 tclass=file permissive=0
06-30 13:21:16.195 13089 13089 E libc    : Access denied finding property "persist.device_config.runtime_native_boot.enable_apex_image"
06-30 13:21:16.195 13089 13089 I AndroidRuntime: Using default boot image
06-30 13:21:16.196 13089 13089 E libc    : Access denied finding property "persist.device_config.runtime_native_boot.disable_lock_profiling"
06-30 13:21:16.196 13089 13089 I AndroidRuntime: Leaving lock profiling enabled
06-30 13:21:16.196 13089 13089 E libc    : Access denied finding property "persist.device_config.runtime_native_boot.enable_generational_cc"
06-30 13:21:16.322 13089 13089 D ICU     : Time zone APEX file found: /apex/com.android.tzdata/etc/icu/icu_tzdata.dat
06-30 13:21:16.342 13089 13089 I app_process: The ClassLoaderContext is a special shared library.
06-30 13:21:16.345 13089 13089 I app_process: The ClassLoaderContext is a special shared library.
06-30 13:21:16.372 13089 13089 W app_process: JNI RegisterNativeMethods: attempt to register 0 native methods for android.media.AudioAttributes
06-30 13:21:16.381 13089 13089 D AndroidRuntime: Calling main entry com.android.commands.uiautomator.Launcher
06-30 13:21:16.394  2007  2007 V SettingsProvider: Notifying for 0: content://settings/secure/accessibility_enabled
06-30 13:21:16.398  8919  8919 D MCLOG   : [MC_Service] onStartcommand()
06-30 13:21:16.424  8919  9061 D Checkin : publish the event [tag = MOT_DEVICE_STATS_L1 event name = SettingLogs]
06-30 13:21:17.093 12231 12794 D WhisperBridge: whisper_full returned 0
06-30 13:21:17.094 12231 12794 D WhisperBridge: Number of segments: 1
06-30 13:21:17.094 12231 12794 D WhisperBridge: transcribe finished end t=1782822077094 dur=4336
06-30 13:21:17.094 12231 12794 D WhisperBridge: Result text:  Go A Chill.
06-30 13:21:17.094 12231 12794 D WhisperBridge: Kotlin transcribe end t=1782822077094 resultLen=12
06-30 13:21:17.095 12231 12794 D SpeechToText: transcribe returned len=12 tStart=1782822072757 tEnd=1782822077094 dur=4337
06-30 13:21:17.095 12231 12794 D AudioCapture: read=16000 samples tStart=1782822077095 tEnd=1782822077095 dur=0
06-30 13:21:17.096 12231 12794 D SpeechToText: capture callback frameSamples=16000 tCapture=1782822077095
06-30 13:21:17.096 12231 12794 D WhisperBridge: Kotlin transcribe start t=1782822077096 samples=16000
06-30 13:21:17.096 12231 12794 D WhisperBridge: transcribe called start t=1782822077096
06-30 13:21:17.096 12231 12794 D WhisperBridge: transcribe called
06-30 13:21:17.096 12231 12794 D WhisperBridge: PCM length: 16000
06-30 13:21:17.096 12231 12794 D WhisperBridge: Starting whisper_full
06-30 13:21:17.114 12231 12231 D WhisperTest: Result: Go A Chill.
06-30 13:21:18.166 13089 13089 W AccessibilityNodeInfoDumper: Fetch time: 16ms
06-30 13:21:18.167  2007  2058 W WindowManager: removeWindowToken: Attempted to remove non-existing token: android.os.Binder@fbcf108
06-30 13:21:18.171  2007  2007 V SettingsProvider: Notifying for 0: content://settings/secure/accessibility_enabled
06-30 13:21:18.185  8919  8919 D MCLOG   : [MC_Service] onStartcommand()
06-30 13:21:18.211  8919  9061 D Checkin : publish the event [tag = MOT_DEVICE_STATS_L1 event name = SettingLogs]
06-30 13:21:18.259 13089 13089 D AndroidRuntime: Shutting down VM
06-30 13:21:18.724 13153 13153 D AndroidRuntime: >>>>>> START com.android.internal.os.RuntimeInit uid 2000 <<<<<<
06-30 13:21:18.728 13153 13153 W app_process: type=1400 audit(0.0:5063): avc: denied { read } for uid=2000 name="u:object_r:device_config_runtime_native_boot_prop:s0" dev="tmpfs" ino=14959 scontext=u:r:shell:s0 tcontext=u:object_r:device_config_runtime_native_boot_prop:s0 tclass=file permissive=0
06-30 13:21:18.728 13153 13153 I chatty  : uid=2000(shell) app_process identical 1 line
06-30 13:21:18.728 13153 13153 W app_process: type=1400 audit(0.0:5065): avc: denied { read } for uid=2000 name="u:object_r:device_config_runtime_native_boot_prop:s0" dev="tmpfs" ino=14959 scontext=u:r:shell:s0 tcontext=u:object_r:device_config_runtime_native_boot_prop:s0 tclass=file permissive=0
06-30 13:21:18.730 13153 13153 E libc    : Access denied finding property "persist.device_config.runtime_native_boot.enable_apex_image"
06-30 13:21:18.731 13153 13153 I AndroidRuntime: Using default boot image
06-30 13:21:18.731 13153 13153 E libc    : Access denied finding property "persist.device_config.runtime_native_boot.disable_lock_profiling"
06-30 13:21:18.731 13153 13153 I AndroidRuntime: Leaving lock profiling enabled
06-30 13:21:18.731 13153 13153 E libc    : Access denied finding property "persist.device_config.runtime_native_boot.enable_generational_cc"
06-30 13:21:18.856 13153 13153 D ICU     : Time zone APEX file found: /apex/com.android.tzdata/etc/icu/icu_tzdata.dat
06-30 13:21:18.878 13153 13153 I app_process: The ClassLoaderContext is a special shared library.
06-30 13:21:18.880 13153 13153 I app_process: The ClassLoaderContext is a special shared library.
06-30 13:21:18.910 13153 13153 W app_process: JNI RegisterNativeMethods: attempt to register 0 native methods for android.media.AudioAttributes
06-30 13:21:18.922 13153 13153 D AndroidRuntime: Calling main entry com.android.commands.uiautomator.Launcher
06-30 13:21:18.934  2007  2007 V SettingsProvider: Notifying for 0: content://settings/secure/accessibility_enabled
06-30 13:21:18.940  8919  8919 D MCLOG   : [MC_Service] onStartcommand()
06-30 13:21:18.963  8919  9061 D Checkin : publish the event [tag = MOT_DEVICE_STATS_L1 event name = SettingLogs]
06-30 13:21:19.988 13153 13153 W AccessibilityNodeInfoDumper: Fetch time: 16ms
06-30 13:21:19.990  2007  8624 W WindowManager: removeWindowToken: Attempted to remove non-existing token: android.os.Binder@a8d5395
06-30 13:21:19.993  2007  2007 V SettingsProvider: Notifying for 0: content://settings/secure/accessibility_enabled
06-30 13:21:19.998  8919  8919 D MCLOG   : [MC_Service] onStartcommand()
06-30 13:21:20.019  8919  9061 D Checkin : publish the event [tag = MOT_DEVICE_STATS_L1 event name = SettingLogs]
06-30 13:21:20.068 13153 13153 D AndroidRuntime: Shutting down VM
06-30 13:21:20.551 13169 13169 D AndroidRuntime: >>>>>> START com.android.internal.os.RuntimeInit uid 2000 <<<<<<
06-30 13:21:20.555 13169 13169 W app_process: type=1400 audit(0.0:5066): avc: denied { read } for uid=2000 name="u:object_r:device_config_runtime_native_boot_prop:s0" dev="tmpfs" ino=14959 scontext=u:r:shell:s0 tcontext=u:object_r:device_config_runtime_native_boot_prop:s0 tclass=file permissive=0
06-30 13:21:20.555 13169 13169 W app_process: type=1400 audit(0.0:5067): avc: denied { read } for uid=2000 name="u:object_r:device_config_runtime_native_boot_prop:s0" dev="tmpfs" ino=14959 scontext=u:r:shell:s0 tcontext=u:object_r:device_config_runtime_native_boot_prop:s0 tclass=file permissive=0
06-30 13:21:20.555 13169 13169 W app_process: type=1400 audit(0.0:5068): avc: denied { read } for uid=2000 name="u:object_r:device_config_runtime_native_boot_prop:s0" dev="tmpfs" ino=14959 scontext=u:r:shell:s0 tcontext=u:object_r:device_config_runtime_native_boot_prop:s0 tclass=file permissive=0
06-30 13:21:20.557 13169 13169 E libc    : Access denied finding property "persist.device_config.runtime_native_boot.enable_apex_image"
06-30 13:21:20.557 13169 13169 I AndroidRuntime: Using default boot image
06-30 13:21:20.557 13169 13169 E libc    : Access denied finding property "persist.device_config.runtime_native_boot.disable_lock_profiling"
06-30 13:21:20.557 13169 13169 I AndroidRuntime: Leaving lock profiling enabled
06-30 13:21:20.558 13169 13169 E libc    : Access denied finding property "persist.device_config.runtime_native_boot.enable_generational_cc"
06-30 13:21:20.683 13169 13169 D ICU     : Time zone APEX file found: /apex/com.android.tzdata/etc/icu/icu_tzdata.dat
06-30 13:21:20.705 13169 13169 I app_process: The ClassLoaderContext is a special shared library.
06-30 13:21:20.707 13169 13169 I app_process: The ClassLoaderContext is a special shared library.
06-30 13:21:20.737 13169 13169 W app_process: JNI RegisterNativeMethods: attempt to register 0 native methods for android.media.AudioAttributes
06-30 13:21:20.746 13169 13169 D AndroidRuntime: Calling main entry com.android.commands.uiautomator.Launcher
06-30 13:21:20.757  2007  2007 V SettingsProvider: Notifying for 0: content://settings/secure/accessibility_enabled
06-30 13:21:20.766  8919  8919 D MCLOG   : [MC_Service] onStartcommand()
06-30 13:21:20.789  8919  9061 D Checkin : publish the event [tag = MOT_DEVICE_STATS_L1 event name = SettingLogs]
06-30 13:21:21.031 12231 12794 D WhisperBridge: whisper_full returned 0
06-30 13:21:21.031 12231 12794 D WhisperBridge: Number of segments: 1
06-30 13:21:21.031 12231 12794 D WhisperBridge: transcribe finished end t=1782822081031 dur=3935
06-30 13:21:21.031 12231 12794 D WhisperBridge: Result text:  [BLANK_AUDIO]
06-30 13:21:21.031 12231 12794 D WhisperBridge: Kotlin transcribe end t=1782822081031 resultLen=14
06-30 13:21:21.032 12231 12794 D SpeechToText: transcribe returned len=14 tStart=1782822077096 tEnd=1782822081031 dur=3935
06-30 13:21:21.032 12231 12794 D AudioCapture: read=16000 samples tStart=1782822081032 tEnd=1782822081032 dur=0
06-30 13:21:21.033 12231 12794 D SpeechToText: capture callback frameSamples=16000 tCapture=1782822081033
06-30 13:21:21.033 12231 12794 D WhisperBridge: Kotlin transcribe start t=1782822081033 samples=16000
06-30 13:21:21.033 12231 12794 D WhisperBridge: transcribe called start t=1782822081033
06-30 13:21:21.033 12231 12794 D WhisperBridge: transcribe called
06-30 13:21:21.033 12231 12794 D WhisperBridge: PCM length: 16000
06-30 13:21:21.034 12231 12794 D WhisperBridge: Starting whisper_full
06-30 13:21:21.052 12231 12231 D WhisperTest: Result: [BLANK_AUDIO]
06-30 13:21:21.091     0     0 W swapper/0: type=1400 audit(0.0:5069): avc: denied { kill } for uid=0 capability=5 scontext=u:r:kernel:s0 tcontext=u:r:kernel:s0 tclass=capability permissive=0
06-30 13:21:22.062  1139 12792 W AudioFlinger: RecordThread: buffer overflow
06-30 13:21:22.105 13169 13169 W AccessibilityNodeInfoDumper: Fetch time: 16ms
06-30 13:21:22.107  2007 28581 W WindowManager: removeWindowToken: Attempted to remove non-existing token: android.os.Binder@a6253e4
06-30 13:21:22.111  2007  2007 V SettingsProvider: Notifying for 0: content://settings/secure/accessibility_enabled
06-30 13:21:22.123  8919  8919 D MCLOG   : [MC_Service] onStartcommand()
06-30 13:21:22.155  8919  9061 D Checkin : publish the event [tag = MOT_DEVICE_STATS_L1 event name = SettingLogs]
06-30 13:21:22.191 13169 13169 D AndroidRuntime: Shutting down VM
06-30 13:21:22.243  2539  2551 I ndroid.systemu: NativeAlloc concurrent copying GC freed 44048(1653KB) AllocSpace objects, 0(0B) LOS objects, 49% free, 5795KB/11MB, paused 135us total 105.872ms
06-30 13:21:22.655 13189 13189 D AndroidRuntime: >>>>>> START com.android.internal.os.RuntimeInit uid 2000 <<<<<<
06-30 13:21:22.661 13189 13189 W app_process: type=1400 audit(0.0:5070): avc: denied { read } for uid=2000 name="u:object_r:device_config_runtime_native_boot_prop:s0" dev="tmpfs" ino=14959 scontext=u:r:shell:s0 tcontext=u:object_r:device_config_runtime_native_boot_prop:s0 tclass=file permissive=0
06-30 13:21:22.661 13189 13189 W app_process: type=1400 audit(0.0:5071): avc: denied { read } for uid=2000 name="u:object_r:device_config_runtime_native_boot_prop:s0" dev="tmpfs" ino=14959 scontext=u:r:shell:s0 tcontext=u:object_r:device_config_runtime_native_boot_prop:s0 tclass=file permissive=0
06-30 13:21:22.661 13189 13189 W app_process: type=1400 audit(0.0:5072): avc: denied { read } for uid=2000 name="u:object_r:device_config_runtime_native_boot_prop:s0" dev="tmpfs" ino=14959 scontext=u:r:shell:s0 tcontext=u:object_r:device_config_runtime_native_boot_prop:s0 tclass=file permissive=0
06-30 13:21:22.663 13189 13189 E libc    : Access denied finding property "persist.device_config.runtime_native_boot.enable_apex_image"
06-30 13:21:22.663 13189 13189 I AndroidRuntime: Using default boot image
06-30 13:21:22.663 13189 13189 E libc    : Access denied finding property "persist.device_config.runtime_native_boot.disable_lock_profiling"
06-30 13:21:22.663 13189 13189 I AndroidRuntime: Leaving lock profiling enabled
06-30 13:21:22.663 13189 13189 E libc    : Access denied finding property "persist.device_config.runtime_native_boot.enable_generational_cc"
06-30 13:21:22.790 13189 13189 D ICU     : Time zone APEX file found: /apex/com.android.tzdata/etc/icu/icu_tzdata.dat
06-30 13:21:22.810 13189 13189 I app_process: The ClassLoaderContext is a special shared library.
06-30 13:21:22.812 13189 13189 I app_process: The ClassLoaderContext is a special shared library.
06-30 13:21:22.841 13189 13189 W app_process: JNI RegisterNativeMethods: attempt to register 0 native methods for android.media.AudioAttributes
06-30 13:21:22.854 13189 13189 D AndroidRuntime: Calling main entry com.android.commands.uiautomator.Launcher
06-30 13:21:22.866  2007  2007 V SettingsProvider: Notifying for 0: content://settings/secure/accessibility_enabled
06-30 13:21:22.874  8919  8919 D MCLOG   : [MC_Service] onStartcommand()
06-30 13:21:22.893  8919  9061 D Checkin : publish the event [tag = MOT_DEVICE_STATS_L1 event name = SettingLogs]
06-30 13:21:23.906 13189 13189 W AccessibilityNodeInfoDumper: Fetch time: 9ms
06-30 13:21:23.907  2007  4002 W WindowManager: removeWindowToken: Attempted to remove non-existing token: android.os.Binder@fd9a381
06-30 13:21:23.910  2007  2007 V SettingsProvider: Notifying for 0: content://settings/secure/accessibility_enabled
06-30 13:21:23.919  8919  8919 D MCLOG   : [MC_Service] onStartcommand()
06-30 13:21:23.949  8919  9061 D Checkin : publish the event [tag = MOT_DEVICE_STATS_L1 event name = SettingLogs]
06-30 13:21:23.981 13189 13189 D AndroidRuntime: Shutting down VM
06-30 13:21:24.439 13205 13205 D AndroidRuntime: >>>>>> START com.android.internal.os.RuntimeInit uid 2000 <<<<<<
06-30 13:21:24.441 13205 13205 W app_process: type=1400 audit(0.0:5073): avc: denied { read } for uid=2000 name="u:object_r:device_config_runtime_native_boot_prop:s0" dev="tmpfs" ino=14959 scontext=u:r:shell:s0 tcontext=u:object_r:device_config_runtime_native_boot_prop:s0 tclass=file permissive=0
06-30 13:21:24.441 13205 13205 W app_process: type=1400 audit(0.0:5074): avc: denied { read } for uid=2000 name="u:object_r:device_config_runtime_native_boot_prop:s0" dev="tmpfs" ino=14959 scontext=u:r:shell:s0 tcontext=u:object_r:device_config_runtime_native_boot_prop:s0 tclass=file permissive=0
06-30 13:21:24.445 13205 13205 W app_process: type=1400 audit(0.0:5075): avc: denied { read } for uid=2000 name="u:object_r:device_config_runtime_native_boot_prop:s0" dev="tmpfs" ino=14959 scontext=u:r:shell:s0 tcontext=u:object_r:device_config_runtime_native_boot_prop:s0 tclass=file permissive=0
06-30 13:21:24.445 13205 13205 E libc    : Access denied finding property "persist.device_config.runtime_native_boot.enable_apex_image"
06-30 13:21:24.445 13205 13205 I AndroidRuntime: Using default boot image
06-30 13:21:24.445 13205 13205 E libc    : Access denied finding property "persist.device_config.runtime_native_boot.disable_lock_profiling"
06-30 13:21:24.445 13205 13205 I AndroidRuntime: Leaving lock profiling enabled
06-30 13:21:24.446 13205 13205 E libc    : Access denied finding property "persist.device_config.runtime_native_boot.enable_generational_cc"
06-30 13:21:24.572 13205 13205 D ICU     : Time zone APEX file found: /apex/com.android.tzdata/etc/icu/icu_tzdata.dat
06-30 13:21:24.593 13205 13205 I app_process: The ClassLoaderContext is a special shared library.
06-30 13:21:24.594 13205 13205 I app_process: The ClassLoaderContext is a special shared library.
06-30 13:21:24.624 13205 13205 W app_process: JNI RegisterNativeMethods: attempt to register 0 native methods for android.media.AudioAttributes
06-30 13:21:24.634 13205 13205 D AndroidRuntime: Calling main entry com.android.commands.uiautomator.Launcher
06-30 13:21:24.646  2007  2007 V SettingsProvider: Notifying for 0: content://settings/secure/accessibility_enabled
06-30 13:21:24.653  8919  8919 D MCLOG   : [MC_Service] onStartcommand()
06-30 13:21:24.677  8919  9061 D Checkin : publish the event [tag = MOT_DEVICE_STATS_L1 event name = SettingLogs]
06-30 13:21:24.966 12231 12794 D WhisperBridge: whisper_full returned 0
06-30 13:21:24.966 12231 12794 D WhisperBridge: Number of segments: 1
06-30 13:21:24.966 12231 12794 D WhisperBridge: transcribe finished end t=1782822084966 dur=3933
06-30 13:21:24.966 12231 12794 D WhisperBridge: Result text:  [BLANK_AUDIO]
06-30 13:21:24.967 12231 12794 D WhisperBridge: Kotlin transcribe end t=1782822084966 resultLen=14
06-30 13:21:24.967 12231 12794 D SpeechToText: transcribe returned len=14 tStart=1782822081033 tEnd=1782822084967 dur=3934
06-30 13:21:24.968 12231 12794 D AudioCapture: read=16000 samples tStart=1782822084967 tEnd=1782822084967 dur=0
06-30 13:21:24.968 12231 12794 D SpeechToText: capture callback frameSamples=16000 tCapture=1782822084968
06-30 13:21:24.968 12231 12794 D WhisperBridge: Kotlin transcribe start t=1782822084968 samples=16000
06-30 13:21:24.968 12231 12794 D WhisperBridge: transcribe called start t=1782822084968
06-30 13:21:24.968 12231 12794 D WhisperBridge: transcribe called
06-30 13:21:24.968 12231 12794 D WhisperBridge: PCM length: 16000
06-30 13:21:24.969 12231 12794 D WhisperBridge: Starting whisper_full
06-30 13:21:24.987 12231 12231 D WhisperTest: Result: [BLANK_AUDIO]
06-30 13:21:26.034 13205 13205 W AccessibilityNodeInfoDumper: Fetch time: 16ms
06-30 13:21:26.035  2007  4002 W WindowManager: removeWindowToken: Attempted to remove non-existing token: android.os.Binder@2a56780
06-30 13:21:26.037  2007  2007 V SettingsProvider: Notifying for 0: content://settings/secure/accessibility_enabled
06-30 13:21:26.050  8919  8919 D MCLOG   : [MC_Service] onStartcommand()
06-30 13:21:26.079  8919  9061 D Checkin : publish the event [tag = MOT_DEVICE_STATS_L1 event name = SettingLogs]
06-30 13:21:26.109 13205 13205 D AndroidRuntime: Shutting down VM
06-30 13:21:26.578 13224 13224 D AndroidRuntime: >>>>>> START com.android.internal.os.RuntimeInit uid 2000 <<<<<<
06-30 13:21:26.581 13224 13224 W app_process: type=1400 audit(0.0:5076): avc: denied { read } for uid=2000 name="u:object_r:device_config_runtime_native_boot_prop:s0" dev="tmpfs" ino=14959 scontext=u:r:shell:s0 tcontext=u:object_r:device_config_runtime_native_boot_prop:s0 tclass=file permissive=0
06-30 13:21:26.581 13224 13224 I chatty  : uid=2000(shell) app_process identical 1 line
06-30 13:21:26.585 13224 13224 W app_process: type=1400 audit(0.0:5078): avc: denied { read } for uid=2000 name="u:object_r:device_config_runtime_native_boot_prop:s0" dev="tmpfs" ino=14959 scontext=u:r:shell:s0 tcontext=u:object_r:device_config_runtime_native_boot_prop:s0 tclass=file permissive=0
06-30 13:21:26.585 13224 13224 E libc    : Access denied finding property "persist.device_config.runtime_native_boot.enable_apex_image"
06-30 13:21:26.585 13224 13224 I AndroidRuntime: Using default boot image
06-30 13:21:26.585 13224 13224 E libc    : Access denied finding property "persist.device_config.runtime_native_boot.disable_lock_profiling"
06-30 13:21:26.585 13224 13224 I AndroidRuntime: Leaving lock profiling enabled
06-30 13:21:26.586 13224 13224 E libc    : Access denied finding property "persist.device_config.runtime_native_boot.enable_generational_cc"
06-30 13:21:26.716 13224 13224 D ICU     : Time zone APEX file found: /apex/com.android.tzdata/etc/icu/icu_tzdata.dat
06-30 13:21:26.738 13224 13224 I app_process: The ClassLoaderContext is a special shared library.
06-30 13:21:26.740 13224 13224 I app_process: The ClassLoaderContext is a special shared library.
06-30 13:21:26.770 13224 13224 W app_process: JNI RegisterNativeMethods: attempt to register 0 native methods for android.media.AudioAttributes
06-30 13:21:26.779 13224 13224 D AndroidRuntime: Calling main entry com.android.commands.uiautomator.Launcher
06-30 13:21:26.797  2007  2007 V SettingsProvider: Notifying for 0: content://settings/secure/accessibility_enabled
06-30 13:21:26.804  8919  8919 D MCLOG   : [MC_Service] onStartcommand()
06-30 13:21:26.825  8919  9061 D Checkin : publish the event [tag = MOT_DEVICE_STATS_L1 event name = SettingLogs]
06-30 13:21:27.851 13224 13224 W AccessibilityNodeInfoDumper: Fetch time: 17ms
06-30 13:21:27.853  2007  3971 W WindowManager: removeWindowToken: Attempted to remove non-existing token: android.os.Binder@9f6e87b
06-30 13:21:27.856  2007  2007 V SettingsProvider: Notifying for 0: content://settings/secure/accessibility_enabled
06-30 13:21:27.864  8919  8919 D MCLOG   : [MC_Service] onStartcommand()
06-30 13:21:27.887  8919  9061 D Checkin : publish the event [tag = MOT_DEVICE_STATS_L1 event name = SettingLogs]
06-30 13:21:27.926 13224 13224 D AndroidRuntime: Shutting down VM
06-30 13:21:28.402 13240 13240 D AndroidRuntime: >>>>>> START com.android.internal.os.RuntimeInit uid 2000 <<<<<<
06-30 13:21:28.405 13240 13240 W app_process: type=1400 audit(0.0:5079): avc: denied { read } for uid=2000 name="u:object_r:device_config_runtime_native_boot_prop:s0" dev="tmpfs" ino=14959 scontext=u:r:shell:s0 tcontext=u:object_r:device_config_runtime_native_boot_prop:s0 tclass=file permissive=0
06-30 13:21:28.405 13240 13240 W app_process: type=1400 audit(0.0:5080): avc: denied { read } for uid=2000 name="u:object_r:device_config_runtime_native_boot_prop:s0" dev="tmpfs" ino=14959 scontext=u:r:shell:s0 tcontext=u:object_r:device_config_runtime_native_boot_prop:s0 tclass=file permissive=0
06-30 13:21:28.405 13240 13240 W app_process: type=1400 audit(0.0:5081): avc: denied { read } for uid=2000 name="u:object_r:device_config_runtime_native_boot_prop:s0" dev="tmpfs" ino=14959 scontext=u:r:shell:s0 tcontext=u:object_r:device_config_runtime_native_boot_prop:s0 tclass=file permissive=0
06-30 13:21:28.408 13240 13240 E libc    : Access denied finding property "persist.device_config.runtime_native_boot.enable_apex_image"
06-30 13:21:28.408 13240 13240 I AndroidRuntime: Using default boot image
06-30 13:21:28.408 13240 13240 E libc    : Access denied finding property "persist.device_config.runtime_native_boot.disable_lock_profiling"
06-30 13:21:28.408 13240 13240 I AndroidRuntime: Leaving lock profiling enabled
06-30 13:21:28.408 13240 13240 E libc    : Access denied finding property "persist.device_config.runtime_native_boot.enable_generational_cc"
06-30 13:21:28.535 13240 13240 D ICU     : Time zone APEX file found: /apex/com.android.tzdata/etc/icu/icu_tzdata.dat
06-30 13:21:28.554 13240 13240 I app_process: The ClassLoaderContext is a special shared library.
06-30 13:21:28.558 13240 13240 I app_process: The ClassLoaderContext is a special shared library.
06-30 13:21:28.586 13240 13240 W app_process: JNI RegisterNativeMethods: attempt to register 0 native methods for android.media.AudioAttributes
06-30 13:21:28.595 13240 13240 D AndroidRuntime: Calling main entry com.android.commands.uiautomator.Launcher
06-30 13:21:28.609  2007  2007 V SettingsProvider: Notifying for 0: content://settings/secure/accessibility_enabled
06-30 13:21:28.615  8919  8919 D MCLOG   : [MC_Service] onStartcommand()
06-30 13:21:28.645  8919  9061 D Checkin : publish the event [tag = MOT_DEVICE_STATS_L1 event name = SettingLogs]
06-30 13:21:28.906 12231 12794 D WhisperBridge: whisper_full returned 0
06-30 13:21:28.906 12231 12794 D WhisperBridge: Number of segments: 1
06-30 13:21:28.906 12231 12794 D WhisperBridge: transcribe finished end t=1782822088906 dur=3937
06-30 13:21:28.906 12231 12794 D WhisperBridge: Result text:  [BLANK_AUDIO]
06-30 13:21:28.906 12231 12794 D WhisperBridge: Kotlin transcribe end t=1782822088906 resultLen=14
06-30 13:21:28.907 12231 12794 D SpeechToText: transcribe returned len=14 tStart=1782822084968 tEnd=1782822088906 dur=3938
06-30 13:21:28.907 12231 12794 D AudioCapture: read=16000 samples tStart=1782822088907 tEnd=1782822088907 dur=0
06-30 13:21:28.908 12231 12794 D SpeechToText: capture callback frameSamples=16000 tCapture=1782822088907
06-30 13:21:28.908 12231 12794 D WhisperBridge: Kotlin transcribe start t=1782822088908 samples=16000
06-30 13:21:28.908 12231 12794 D WhisperBridge: transcribe called start t=1782822088908
06-30 13:21:28.908 12231 12794 D WhisperBridge: transcribe called
06-30 13:21:28.908 12231 12794 D WhisperBridge: PCM length: 16000
06-30 13:21:28.908 12231 12794 D WhisperBridge: Starting whisper_full
06-30 13:21:28.929 12231 12231 D WhisperTest: Result: [BLANK_AUDIO]
06-30 13:21:29.941  1139 12792 W AudioFlinger: RecordThread: buffer overflow
06-30 13:21:29.978 13240 13240 W AccessibilityNodeInfoDumper: Fetch time: 15ms
06-30 13:21:29.980  2007  3971 W WindowManager: removeWindowToken: Attempted to remove non-existing token: android.os.Binder@e927dc
06-30 13:21:29.984  2007  2007 V SettingsProvider: Notifying for 0: content://settings/secure/accessibility_enabled
06-30 13:21:29.995  8919  8919 D MCLOG   : [MC_Service] onStartcommand()
06-30 13:21:30.026  8919  9061 D Checkin : publish the event [tag = MOT_DEVICE_STATS_L1 event name = SettingLogs]
06-30 13:21:30.059 13240 13240 D AndroidRuntime: Shutting down VM
06-30 13:21:30.601 13261 13261 D AndroidRuntime: >>>>>> START com.android.internal.os.RuntimeInit uid 2000 <<<<<<
06-30 13:21:30.605 13261 13261 W app_process: type=1400 audit(0.0:5082): avc: denied { read } for uid=2000 name="u:object_r:device_config_runtime_native_boot_prop:s0" dev="tmpfs" ino=14959 scontext=u:r:shell:s0 tcontext=u:object_r:device_config_runtime_native_boot_prop:s0 tclass=file permissive=0
06-30 13:21:30.605 13261 13261 W app_process: type=1400 audit(0.0:5083): avc: denied { read } for uid=2000 name="u:object_r:device_config_runtime_native_boot_prop:s0" dev="tmpfs" ino=14959 scontext=u:r:shell:s0 tcontext=u:object_r:device_config_runtime_native_boot_prop:s0 tclass=file permissive=0
06-30 13:21:30.605 13261 13261 W app_process: type=1400 audit(0.0:5084): avc: denied { read } for uid=2000 name="u:object_r:device_config_runtime_native_boot_prop:s0" dev="tmpfs" ino=14959 scontext=u:r:shell:s0 tcontext=u:object_r:device_config_runtime_native_boot_prop:s0 tclass=file permissive=0
06-30 13:21:30.607 13261 13261 E libc    : Access denied finding property "persist.device_config.runtime_native_boot.enable_apex_image"
06-30 13:21:30.607 13261 13261 I AndroidRuntime: Using default boot image
06-30 13:21:30.607 13261 13261 E libc    : Access denied finding property "persist.device_config.runtime_native_boot.disable_lock_profiling"
06-30 13:21:30.607 13261 13261 I AndroidRuntime: Leaving lock profiling enabled
06-30 13:21:30.607 13261 13261 E libc    : Access denied finding property "persist.device_config.runtime_native_boot.enable_generational_cc"
06-30 13:21:30.738 13261 13261 D ICU     : Time zone APEX file found: /apex/com.android.tzdata/etc/icu/icu_tzdata.dat
06-30 13:21:30.758 13261 13261 I app_process: The ClassLoaderContext is a special shared library.
06-30 13:21:30.787 13261 13261 W app_process: JNI RegisterNativeMethods: attempt to register 0 native methods for android.media.AudioAttributes
06-30 13:21:30.795 13261 13261 D AndroidRuntime: Calling main entry com.android.commands.input.Input
06-30 13:21:30.816 13261 13261 D AndroidRuntime: Shutting down VM
06-30 13:21:30.899  1074  1167 D audio_hw_primary: disable_audio_route: usecase(10) reset and update mixer path: audio-record
06-30 13:21:30.900  1074  1167 D audio_hw_primary: disable_snd_device: snd_device(93: handset-mic)
06-30 13:21:30.908  1074  1074 D audio_hw_primary: in_set_parameters: enter: kvpairs=routing=0
